I'm sorry, but errors were detected in your script. Please correct the
errors listed below, and try again.


The label start is defined twice, at File "game/script.rpy", line 16:
label start:
and File "game/scripts/episode1.rpyc", line 4:



Ren'Py Version: Ren'Py 8.3.4.24120703
Sun Feb  8 12:49:33 2026
